catkin_make 是函数
[CPU deploy] Unitree rebuild skipped; bundled validated controller selected
[controller] current Unitree RL controller built with hybrid policy support
[scene] run-local randomized assets (seed offset 20260818): /tmp/simenv_bridge_three_floor_scene/official_s20260818_20260904_112908
valid three-floor RL mission: 3 floors, 12 rooms, 334.6 m floor route
[ros-package] simenv_competitor=/home/quinn/0904/runtime_assets/SimEnv/src/simenv_competitor
[ros-package] unitree_guide=/home/quinn/0904/runtime_assets/SimEnv/src/unitree_guide/unitree_guide/unitree_guide
xacro: in-order processing became default in ROS Melodic. You can drop the option.
validated 20 launch node executables
xacro: in-order processing became default in ROS Melodic. You can drop the option.
validated 13 descent-smoke node executables
[three-floor] task-owned Xvfb ready on :99
[three-floor] results: /home/quinn/0904/results/official_s20260818_20260904_112908
[three-floor] flat gait: /home/quinn/0904/runtime_assets/SimEnv/src/unitree_guide/logs/policy_act_inference_plane.pt
[three-floor] stair gait: /home/quinn/0904/runtime_assets/SimEnv/src/unitree_guide/logs/policy_act_inference_stair.pt
[three-floor] flat-floor planner: /home/quinn/0904/threefloor_stress5_repro_20260827/work/mounts/SCAN-Planner/src/planner/plan_manage
{
  "checks": {
    "all_12_physical_two_view_contracts": false,
    "all_12_rooms_physically_exited": true,
    "all_24_viewpoints_scanned_at_least_210deg": true,
    "all_room_paths_passed_live_3d_audit": true,
    "all_scene_red_balls_detected": false,
    "all_stage_times_recorded": false,
    "distinct_reproducible_floor_scenes": true,
    "every_selected_danger_room_detected": false,
    "final_pose_in_first_floor_lobby": false,
    "first_floor_return_marker": false,
    "first_to_second_stair": false,
    "floor_1_tour": false,
    "floor_2_tour": false,
    "floor_3_tour": false,
    "lobby_return_route_complete": false,
    "mission_summary": false,
    "mission_within_configured_budget": false,
    "red_ball_detections_recorded": false,
    "red_ball_evidence_only_during_room_scans": true,
    "rl_policy_switch_sequence": false,
    "room_recovery_is_bounded": true,
    "second_to_third_stair": false,
    "spawn_below_main_entrance_step": false,
    "third_to_first_descent": false,
    "zero_false_negative_dangers": false,
    "zero_false_positive_dangers": true
  },
  "failure_reasons": [
    "floor_1_tour missing: /home/quinn/0904/results/official_s20260818_20260904_112908/tour_summary.json",
    "floor_2_tour missing: /home/quinn/0904/results/official_s20260818_20260904_112908/second_floor/tour_summary.json",
    "floor_3_tour missing: /home/quinn/0904/results/official_s20260818_20260904_112908/third_floor/tour_summary.json",
    "first_to_second_stair phase 'WAIT_F1' != 'SECOND_FLOOR_HANDOFF_COMPLETE'",
    "second_to_third_stair phase 'WAIT_F1' != 'THIRD_FLOOR_HANDOFF_COMPLETE'",
    "third_to_first_descent phase 'WAIT_F3' != 'FIRST_FLOOR_RETURNED'",
    "first_floor_return_marker missing: /home/quinn/0904/results/official_s20260818_20260904_112908/first_floor_returned.json",
    "mission timing did not prove a completed prep-excluded run <= 600.0s (schema=scanplanner_mission_stage_timing_v1, status=failed, duration=None, budget_met=None)",
    "timed stage sequence [] != required ['entrance_step_stair_rl', 'floor_1_exploration', 'stair_f1_to_f2', 'floor_2_exploration', 'stair_f2_to_f3', 'floor_3_exploration', 'stair_f3_to_f1_descent', 'return_to_first_floor_lobby'] or contains invalid durations",
    "exploration start truth pose does not prove the configured door-step spawn: pose=None, xy_error=inf, z_error=inf",
    "red-ball record did not contain >= 5 valid timed confirmations (schema=scanplanner_red_ball_detections_v1, status=failed, frames=0, confirmed=0)",
    "room-scan detections did not match all randomized red balls: ['danger_red_sphere_00_floor_1', 'danger_red_sphere_00', 'danger_red_sphere_01', 'danger_red_sphere_00_floor_2', 'danger_red_sphere_01_floor_2']",
    "selected danger rooms without a matched RGB-D detection: ['floor_0_room_0', 'floor_0_room_3', 'floor_1_room_3', 'floor_2_room_1', 'floor_2_room_3']",
    "not all 12 rooms proved their geometry-specific physical G3/G4 contract",
    "mission summary is not completed (schema=scanplanner_three_floor_rl_summary_v1, status=failed, reason=upstream_failure:/scanplanner/route_state:{\"floor\": 1, \"phase\": \"THREE_FLOOR_ROUTE_FAILED\", \"reason\": \"startup_timeout_waiting_for_plane_rl_scan_camera_or_scanplanner\", \"wall_time\": 1788492818.583})",
    "RL policy sequence [] does not contain ['stair', 'plane', 'stair', 'plane', 'stair', 'plane', 'stair', 'plane']",
    "final truth pose is not in the first-floor lobby: [1.5072797470520698e-05, -3.20062318440019, 0.05694443979075942, 1.5709076861116802]",
    "lobby return reached 0 of 2 waypoints"
  ],
  "passed": false,
  "results_dir": "/home/quinn/0904/results/official_s20260818_20260904_112908",
  "schema": "scanplanner_three_floor_rl_acceptance_v1"
}
[three-floor] mission status: failed
/home/quinn/0904/results/official_s20260818_20260904_112908/visualization/topdown_floor_1.png
/home/quinn/0904/results/official_s20260818_20260904_112908/visualization/topdown_floor_2.png
/home/quinn/0904/results/official_s20260818_20260904_112908/visualization/topdown_floor_3.png
/home/quinn/0904/results/official_s20260818_20260904_112908/visualization/three_floor_topdown_trajectories.png
/home/quinn/0904/results/official_s20260818_20260904_112908/visualization/two_view_floor_1.png
/home/quinn/0904/results/official_s20260818_20260904_112908/visualization/two_view_floor_2.png
/home/quinn/0904/results/official_s20260818_20260904_112908/visualization/two_view_floor_3.png
/home/quinn/0904/results/official_s20260818_20260904_112908/visualization/two_view_all_floors.png
/home/quinn/0904/results/official_s20260818_20260904_112908/visualization/three_floor_topdown_manifest.json
{
  "schema": "three_floor_red_ball_offline_truth_evaluation_v1",
  "matching_tolerance_m": 1.5,
  "truth_count": 5,
  "detection_count": 0,
  "true_positive_count": 0,
  "false_positive_count": 0,
  "false_negative_count": 5,
  "furniture_footprints_rendered": 58,
  "floors": [
    {
      "floor": 1,
      "truth": 2,
      "tp": 0,
      "fp": 0,
      "fn": 2,
      "mean_match_distance_m": null,
      "maximum_match_distance_m": null
    },
    {
      "floor": 2,
      "truth": 1,
      "tp": 0,
      "fp": 0,
      "fn": 1,
      "mean_match_distance_m": null,
      "maximum_match_distance_m": null
    },
    {
      "floor": 3,
      "truth": 2,
      "tp": 0,
      "fp": 0,
      "fn": 2,
      "mean_match_distance_m": null,
      "maximum_match_distance_m": null
    }
  ],
  "matches": []
}
[three-floor] visualization: /home/quinn/0904/results/official_s20260818_20260904_112908/visualization
[three-floor] acceptance failed; inspect /home/quinn/0904/results/official_s20260818_20260904_112908/roslaunch.log
