[CPU deploy] Unitree rebuild skipped; bundled validated controller selected
[controller] current Unitree RL controller built with hybrid policy support
[scene] run-local randomized assets (seed offset 20): /tmp/simenv_bridge_three_floor_scene/official_gui_rtf065_s20_20260907_105834
valid three-floor RL mission: 3 floors, 12 rooms, 327.7 m floor route
[ros-package] simenv_competitor=/home/quinn/0904/runtime_assets/SimEnv/src/simenv_competitor
[ros-package] unitree_guide=/home/quinn/0904/runtime_assets/SimEnv/src/unitree_guide/unitree_guide/unitree_guide
xacro: in-order processing became default in ROS Melodic. You can drop the option.
validated 20 launch node executables
xacro: in-order processing became default in ROS Melodic. You can drop the option.
validated 13 descent-smoke node executables
[three-floor] task-owned Xvfb ready on :99
[three-floor] results: /home/quinn/0904/results/official_gui_rtf065_s20_20260907_105834
[three-floor] flat gait: /home/quinn/0904/runtime_assets/SimEnv/src/unitree_guide/logs/policy_act_inference_plane.pt
[three-floor] stair gait: /home/quinn/0904/runtime_assets/SimEnv/src/unitree_guide/logs/policy_act_inference_stair.pt
[three-floor] flat-floor planner: /home/quinn/0904/threefloor_stress5_repro_20260827/work/mounts/SCAN-Planner/src/planner/plan_manage
{
  "checks": {
    "all_12_physical_two_view_contracts": true,
    "all_12_rooms_physically_exited": true,
    "all_24_viewpoints_scanned_at_least_210deg": true,
    "all_room_paths_passed_live_3d_audit": true,
    "all_scene_red_balls_detected": false,
    "all_stage_times_recorded": false,
    "distinct_reproducible_floor_scenes": true,
    "every_selected_danger_room_detected": true,
    "final_pose_in_first_floor_lobby": false,
    "first_floor_return_marker": false,
    "first_to_second_stair": true,
    "floor_1_tour": true,
    "floor_2_tour": true,
    "floor_3_tour": true,
    "lobby_return_route_complete": false,
    "main_entrance_step_stair_rl": true,
    "mission_summary": false,
    "mission_within_configured_budget": false,
    "red_ball_detections_recorded": false,
    "red_ball_evidence_only_during_room_scans": true,
    "rl_policy_switch_sequence": false,
    "room_recovery_is_bounded": true,
    "second_to_third_stair": true,
    "spawn_below_main_entrance_step": true,
    "third_to_first_descent": false,
    "zero_false_negative_dangers": false,
    "zero_false_positive_dangers": false
  },
  "failure_reasons": [
    "third_to_first_descent phase 'STAIR_DESCENT_TURN' != 'FIRST_FLOOR_RETURNED'",
    "first_floor_return_marker missing: /home/quinn/0904/results/official_gui_rtf065_s20_20260907_105834/first_floor_returned.json",
    "mission timing did not prove a completed prep-excluded run <= 600.0s (schema=scanplanner_mission_stage_timing_v1, status=failed, duration=600.022, budget_met=False)",
    "timed stage sequence ['entrance_step_stair_rl', 'floor_1_exploration', 'stair_f1_to_f2', 'floor_2_exploration', 'stair_f2_to_f3', 'floor_3_exploration', 'stair_f3_to_f1_descent'] != required ['entrance_step_stair_rl', 'floor_1_exploration', 'stair_f1_to_f2', 'floor_2_exploration', 'stair_f2_to_f3', 'floor_3_exploration', 'stair_f3_to_f1_descent', 'return_to_first_floor_lobby'] or contains invalid durations",
    "red-ball record did not contain >= 6 valid timed confirmations (schema=scanplanner_red_ball_detections_v1, status=failed, frames=11606, confirmed=7)",
    "room-scan detections did not match all randomized red balls: ['danger_red_sphere_01']",
    "RGB-D detector produced 2 false/duplicate positives",
    "mission summary is not completed (schema=scanplanner_three_floor_rl_summary_v1, status=failed, reason=exploration_deadline_exceeded_600.0s)",
    "RL policy sequence ['stair', 'plane', 'stair', 'plane', 'stair', 'plane', 'stair'] does not contain ['stair', 'plane', 'stair', 'plane', 'stair', 'plane', 'stair', 'plane']",
    "final truth pose is not in the first-floor lobby: [-2.620820292751775, 4.9631467891730345, 1.598213286982731, 1.5631968885827707]",
    "lobby return reached 0 of 2 waypoints"
  ],
  "passed": false,
  "results_dir": "/home/quinn/0904/results/official_gui_rtf065_s20_20260907_105834",
  "schema": "scanplanner_three_floor_rl_acceptance_v1"
}
[three-floor] mission status: failed
/home/quinn/0904/results/official_gui_rtf065_s20_20260907_105834/visualization/topdown_floor_1.png
/home/quinn/0904/results/official_gui_rtf065_s20_20260907_105834/visualization/topdown_floor_2.png
/home/quinn/0904/results/official_gui_rtf065_s20_20260907_105834/visualization/topdown_floor_3.png
/home/quinn/0904/results/official_gui_rtf065_s20_20260907_105834/visualization/three_floor_topdown_trajectories.png
/home/quinn/0904/results/official_gui_rtf065_s20_20260907_105834/visualization/two_view_floor_1.png
/home/quinn/0904/results/official_gui_rtf065_s20_20260907_105834/visualization/two_view_floor_2.png
/home/quinn/0904/results/official_gui_rtf065_s20_20260907_105834/visualization/two_view_floor_3.png
/home/quinn/0904/results/official_gui_rtf065_s20_20260907_105834/visualization/two_view_all_floors.png
/home/quinn/0904/results/official_gui_rtf065_s20_20260907_105834/visualization/three_floor_topdown_manifest.json
{
  "schema": "three_floor_red_ball_offline_truth_evaluation_v1",
  "matching_tolerance_m": 1.5,
  "truth_count": 6,
  "detection_count": 7,
  "true_positive_count": 5,
  "false_positive_count": 2,
  "false_negative_count": 1,
  "furniture_footprints_rendered": 59,
  "floors": [
    {
      "floor": 1,
      "truth": 2,
      "tp": 2,
      "fp": 1,
      "fn": 0,
      "mean_match_distance_m": 0.10614496734535703,
      "maximum_match_distance_m": 0.12645631656820946
    },
    {
      "floor": 2,
      "truth": 2,
      "tp": 1,
      "fp": 1,
      "fn": 1,
      "mean_match_distance_m": 0.38453994590939394,
      "maximum_match_distance_m": 0.38453994590939394
    },
    {
      "floor": 3,
      "truth": 2,
      "tp": 2,
      "fp": 0,
      "fn": 0,
      "mean_match_distance_m": 0.05467861125696461,
      "maximum_match_distance_m": 0.09296881197476962
    }
  ],
  "matches": [
    {
      "truth_id": "danger_red_sphere_00",
      "room_id": "floor_1_room_2",
      "detection_track_id": 7,
      "distance_m": 0.38453994590939394
    },
    {
      "truth_id": "danger_red_sphere_02",
      "room_id": "floor_2_room_1",
      "detection_track_id": 8,
      "distance_m": 0.016388410539159595
    },
    {
      "truth_id": "danger_red_sphere_03",
      "room_id": "floor_2_room_2",
      "detection_track_id": 9,
      "distance_m": 0.09296881197476962
    },
    {
      "truth_id": "danger_red_sphere_04",
      "room_id": "floor_0_room_1",
      "detection_track_id": 1,
      "distance_m": 0.12645631656820946
    },
    {
      "truth_id": "danger_red_sphere_05",
      "room_id": "floor_0_room_2",
      "detection_track_id": 3,
      "distance_m": 0.08583361812250459
    }
  ]
}
[three-floor] visualization: /home/quinn/0904/results/official_gui_rtf065_s20_20260907_105834/visualization
[three-floor] acceptance failed; inspect /home/quinn/0904/results/official_gui_rtf065_s20_20260907_105834/roslaunch.log
